// Jest Snapshot v1, https://goo.gl/fbAQLP

exports[`Pruebas en <CategoryAdd.js /> Debe mostrarse correctamente 1`] = `
<form
  onSubmit={[Function]}
>
  <input
    onChange={[Function]}
    placeholder="Search Categories"
    type="text"
    value=""
  />
</form>
`;
