// Jest Snapshot v1, https://goo.gl/fbAQLP

exports[`Pruebas con GifGridItem.js Debe mostrar el <GifGridItem /> correctamente 1`] = `
<div
  className="card animate__animated animate__fadeIn"
>
  <img
    alt="Un título cualquiera"
    src="https://localhost/imagen.jpg"
  />
  <p>
    Un título cualquiera
  </p>
</div>
`;
